============================= test session starts ==============================
platform darwin -- Python 3.12.4, pytest-9.0.1, pluggy-1.6.0 -- /Users/rajesh/Desktop/Market generator/venv/bin/python3.12
cachedir: .pytest_cache
rootdir: /Users/rajesh/Desktop/Market generator
collecting ... collected 8 items

tests/test_ohlc_loader.py::test_format_a_basic_loading PASSED            [ 12%]
tests/test_ohlc_loader.py::test_format_b_basic_loading PASSED            [ 25%]
tests/test_ohlc_loader.py::test_format_b_missing_volume PASSED           [ 37%]
tests/test_ohlc_loader.py::test_format_detection PASSED                  [ 50%]
tests/test_ohlc_loader.py::test_invalid_ohlc_rows PASSED                 [ 62%]
tests/test_ohlc_loader.py::test_gap_detection PASSED                     [ 75%]
tests/test_ohlc_loader.py::test_large_file_performance PASSED            [ 87%]
tests/test_ohlc_loader.py::test_edge_cases PASSED                        [100%]

============================== 8 passed in 0.36s ===============================
